  transcript_id   chr  conversion
0             c  chr3       False
