day,hour,conversion_total,conversion_percent
0,0,8.0,10.0
0,8,2.5,6.5
1,0,25.0,25.0
1,16,0.0,0.65

