day,hour,count,total,conversion_percent
0,0,8,32,25.0
0,8,4,10,40.0
1,0,50,100,50.0
1,16,0,4,0.0

