transcript_id,baseline_count,baseline_total,baseline_percent
1A,8,32,25.0

