filename,day,hour,replicate
d0_0hr1_EKRN230046546-1A_HFWGNDSX7_L2,0,0,1
d0_0hr2_EKRN230046547-1A_HFWGNDSX7_L2,0,0,2
d0_0hr3_EKRN230046548-1A_HFWGNDSX7_L2,0,0,3
d0_0hr4_EKRN230046549-1A_HFWGNDSX7_L2,0,0,4
d0_12hr1_EKRN230046554-1A_HFWGNDSX7_L2,0,12,1
d0_12hr2_EKRN230046555-1A_HFWGNDSX7_L2,0,12,2
d0_12hr3_EKRN230046556-1A_HFWGNDSX7_L2,0,12,3
d0_12hr4_EKRN230046557-1A_HFWGNDSX7_L2,0,12,4
d0_no4sU_EKRN230046554-1A_HFWGNDSX7_L2,,,

