transcript,start,end,time,percent
b,30,124,0,1.0
b,30,124,10,2.0

