day,hour,baseline_total,baseline_percent
0,0,8.0,10.0
0,8,2.5,6.5
1,0,25.0,25.0
1,16,0.25,0.675

