filename,day,hour,replicate
d0_0hr1,0,0,1
d0_0hr2,0,0,2
d0_0hr3,0,0,3
d0_0hr4,0,0,4
d0_12hr1,0,12,1
d0_12hr2,0,12,2
d0_12hr3,0,12,3
d0_12hr4,0,12,4
d0_3hr1,0,3,1
d0_3hr2,0,3,2
d0_3hr3,0,3,3
d0_3hr4,0,3,4
d0_no4sU,,,
d16_0hr1,16,0,1
d16_0hr2,16,0,2
d16_0hr3,16,0,3
d16_12hr1,16,12,1
d16_12hr3,16,12,3

